DDDDDDDDDDDDDDDDDDDDDDDDDDDDDDDDDDDDDDDDDDDDDDDDDD
DDDDDDDDDDDDDDDDDDDDDDDDDDDDDDDDDDDDDDDDDDDDDDDDDD
DDDDDDDDDDDDDDDDDDDDDDDDDDDDDDDDDDDDDDDDDDDDDDDDDD
DDDDDDDDDDDDDDDDDDDDDDDDDDDDDDDDDDDDDDDDDDDDDDDDDD
DDDDDDDDDDDDDDDDDDDDDDDDDDDDDDDDDDDDDDDDDDDDDDDDDD
DDDDDDDDDDDDDDDDDDDDDDDDDDDDDDDDDDDDDDDDDDDDDDDDDD
DDDDDDDDDDDDDDDDDDDDDDDDDDDDDDDDDDDDDDDDDDDDDDDDDD
DDDDDDDDDDDDDDDDDDDDDDDDDDDDDDDDDDDDDDDDDDDDDDDDDD
DDDDDDDDDDDDDDDDDDDDDDDDDDDDDDDDDDDDDDDDDDDDDDDDDD
DDDDDDDDDDDDDDDDDDDDDDDDDDDDDDDDDDDDDDDDDDDDDDDDDD
DDDDDDDDDDDDDDDDDDDDDDDDDDDDDDDDDDDDDDDDDDDDDDDDDD
DDDDDDDDDDDDDDDDDDDDDDDDDDDDDDDDDDDDDDDDDDDDDDDDDD
DDDDDDDDDDDDDDDDDDDDDDDDDDDDDDDDDDDDDDDDDDDDDDDDDD
DDDDDDDDDDDDDDDDDDDDDDDDDDDDDDDDDDDDDDDDDDDDDDDDDD
DDDDDDDDDDDDDDDDDDDDDDDDDDDDDDDDDDDDDDDDDDDDDDDDDD
DDDDDDDDDDDDDDDDDDDDDDDDDDDDDDDDDDDDDDDDDDDDDDDDDD
DDDDDDDDDDDDDDDDDDDDDDDDDDDDDDDDDDDDDDDDDDDDDDDDDD
DDDDDDDDDDDDDDDDDDDDDDDDDDDDDDDDDDDDDDDDDDDDDDDDDD
DDDDDDDDDDDDDDDDDDDDDDDDDDDDDDDDDDDDDDDDDDDDDDDDDD
DDDDDDDDDDDDDDDDDDDDDDDDDDDDDDDDDDDDDDDDDDDDDDDDDD
DDDDDDDDDDDDDDDDDDDDDDDDDDDDDDDDDDDDDDDDDDDDDDDDDD
DDDDDDDDDDDDDDDDDDDDDDDDDDDDDDDDDDDDDDDDDDDDDDDDDD
DDDDDDDDDDDDDDDDDDDDDDDDDDDDDDDDDDDDDDDDDDDDDDDDDD
DDDDDDDDDDDDDDDDDDDDDDDDDDDDDDDDDDDDDDDDDDDDDDDDDD
DDDDDDDDDDDDDDDDDDDDDDDDDDDDDDDDDDDDDDDDDDDDDDDDDD
DDDDDDDDDDDDDDDDDDDDDDDDDDDDDDDDDDDDDDDDDDDDDDDDDD
DDDDDDDDDDDDDDDDDDDDDDDDDDDDDDDDDDDDDDDDDDDDDDDDDD
DDDDDDDDDDDDDDDDDDDDDDDDDDDDDDDDDDDDDDDDDDDDDDDDDD
DDDDDDDDDDDDDDDDDDDDDDDDDDDDDDDDDDDDDDDDDDDDDDDDDD
DDDDDDDDDDDDDDDDDDDDDDDDDDDDDDDDDDDDDDDDDDDDDDDDDD
DDDDDDDDDDDDDDDDDDDDDDDDDDDDDDDDDDDDDDDDDDDDDDDDDD
DDDDDDDDDDDDDDDDDDDDDDDDDDDDDDDDDDDDDDDDDDDDDDDDDD
DDDDDDDDDDDDDDDDDDDDDDDDDDDDDDDDDDDDDDDDDDDDDDDDDD
DDDDDDDDDDDDDDDDDDDDDDDDDDDDDDDDDDDDDDDDDDDDDDDDDD
DDDDDDDDDDDDDDDDDDDDDDDDDDDDDDDDDDDDDDDDDDDDDDDDDD
DDDDDDDDDDDDDDDDDDDDDDDDDDDDDDDDDDDDDDDDDDDDDDDDDD
DDDDDDDDDDDDDDDDDDDDDDDDDDDDDDDDDDDDDDDDDDDDDDDDDD
DDDDDDDDDDDDDDDDDDDDDDDDDDDDDDDDDDDDDDDDDDDDDDDDDD
DDDDDDDDDDDDDDDDDDDDDDDDDDDDDDDDDDDDDDDDDDDDDDDDDD
DDDDDDDDDDDDDDDDDDDDDDDDDDDDDDDDDDDDDDDDDDDDDDDDDD
DDDDDDDDDDDDDDDDDDDDDDDDDDDDDDDDDDDDDDDDDDDDDDDDDD
DDDDDDDDDDDDDDDDDDDDDDDDDDDDDDDDDDDDDDDDDDDDDDDDDD
DDDDDDDDDDDDDDDDDDDDDDDDDDDDDDDDDDDDDDDDDDDDDDDDDD
DDDDDDDDDDDDDDDDDDDDDDDDDDDDDDDDDDDDDDDDDDDDDDDDDD
DDDDDDDDDDDDDDDDDDDDDDDDDDDDDDDDDDDDDDDDDDDDDDDDDD
DDDDDDDDDDDDDDDDDDDDDDDDDDDDDDDDDDDDDDDDDDDDDDDDDD
DDDDDDDDDDDDDDDDDDDDDDDDDDDDDDDDDDDDDDDDDDDDDDDDDD
DDDDDDDDDDDDDDDDDDDDDDDDDDDDDDDDDDDDDDDDDDDDDDDDDD
DDDDDDDDDDDDDDDDDDDDDDDDDDDDDDDDDDDDDDDDDDDDDDDDDD
DDDDDDDDDDDDDDDDDDDDDDDDDDDDDDDDDDDDDDDDDDDDDDDDDD
DDDDDDDDDDDDDDDDDDDDDDDDDDDDDDDDDDDDDDDDDDDDDDDDDD
DDDDDDDDDDDDDDDDDDDDDDDDDDDDDDDDDDDDDDDDDDDDDDDDDD
DDDDDDDDDDDDDDDDDDDDDDDDDDDDDDDDDDDDDDDDDDDDDDDDDD
DDDDDDDDDDDDDDDDDDDDDDDDDDDDDDDDDDDDDDDDDDDDDDDDDD
DDDDDDDDDDDDDDDDDDDDDDDDDDDDDDDDDDDDDDDDDDDDDDDDDD
DDDDDDDDDDDDDDDDDDDDDDDDDDDDDDDDDDDDDDDDDDDDDDDDDD
DDDDDDDDDDDDDDDDDDDDDDDDDDDDDDDDDDDDDDDDDDDDDDDDDD
DDDDDDDDDDDDDDDDDDDDDDDDDDDDDDDDDDDDDDDDDDDDDDDDDD
DDDDDDDDDDDDDDDDDDDDDDDDDDDDDDDDDDDDDDDDDDDDDDDDDD
DDDDDDDDDDDDDDDDDDDDDDDDDDDDDDDDDDDDDDDDDDDDDDDDDD
DDDDDDDDDDDDDDDDDDDDDDDDDDDDDDDDDDDDDDDDDDDDDDDDDD
DDDDDDDDDDDDDDDDDDDDDDDDDDDDDDDDDDDDDDDDDDDDDDDDDD
DDDDDDDDDDDDDDDDDDDDDDDDDDDDDDDDDDDDDDDDDDDDDDDDDD
DDDDDDDDDDDDDDDDDDDDDDDDDDDDDDDDDDDDDDDDDDDDDDDDDD
DDDDDDDDDDDDDDDDDDDDDDDDDDDDDDDDDDDDDDDDDDDDDDDDDD
DDDDDDDDDDDDDDDDDDDDDDDDDDDDDDDDDDDDDDDDDDDDDDDDDD
DDDDDDDDDDDDDDDDDDDDDDDDDDDDDDDDDDDDDDDDDDDDDDDDDD
DDDDDDDDDDDDDDDDDDDDDDDDDDDDDDDDDDDDDDDDDDDDDDDDDD
DDDDDDDDDDDDDDDDDDDDDDDDDDDDDDDDDDDDDDDDDDDDDDDDDD
DDDDDDDDDDDDDDDDDDDDDDDDDDDDDDDDDDDDDDDDDDDDDDDDDD
DDDDDDDDDDDDDDDDDDDDDDDDDDDDDDDDDDDDDDDDDDDDDDDDDD
DDDDDDDDDDDDDDDDDDDDDDDDDDDDDDDDDDDDDDDDDDDDDDDDDD
DDDDDDDDDDDDDDDDDDDDDDDDDDDDDDDDDDDDDDDDDDDDDDDDDD
DDDDDDDDDDDDDDDDDDDDDDDDDDDDDDDDDDDDDDDDDDDDDDDDDD
DDDDDDDDDDDDDDDDDDDDDDDDDDDDDDDDDDDDDDDDDDDDDDDDDD
DDDDDDDDDDDDDDDDDDDDDDDDDDDDDDDDDDDDDDDDDDDDDDDDDD
DDDDDDDDDDDDDDDDDDDDDDDDDDDDDDDDDDDDDDDDDDDDDDDDDD
DDDDDDDDDDDDDDDDDDDDDDDDDDDDDDDDDDDDDDDDDDDDDDDDDD
DDDDDDDDDDDDDDDDDDDDDDDDDDDDDDDDDDDDDDDDDDDDDDDDDD
DDDDDDDDDDDDDDDDDDDDDDDDDDDDDDDDDDDDDDDDDDDDDDDDDD
DDDDDDDDDDDDDDDDDDDDDDDDDDDDDDDDDDDDDDDDDDDDDDDDDD
DDDDDDDDDDDDDDDDDDDDDDDDDDDDDDDDDDDDDDDDDDDDDDDDDD
DDDDDDDDDDDDDDDDDDDDDDDDDDDDDDDDDDDDDDDDDDDDDDDDDD
DDDDDDDDDDDDDDDDDDDDDDDDDDDDDDDDDDDDDDDDDDDDDDDDDD
DDDDDDDDDDDDDDDDDDDDDDDDDDDDDDDDDDDDDDDDDDDDDDDDDD
DDDDDDDDDDDDDDDDDDDDDDDDDDDDDDDDDDDDDDDDDDDDDDDDDD
DDDDDDDDDDDDDDDDDDDDDDDDDDDDDDDDDDDDDDDDDDDDDDDDDD
DDDDDDDDDDDDDDDDDDDDDDDDDDDDDDDDDDDDDDDDDDDDDDDDDD
DDDDDDDDDDDDDDDDDDDDDDDDDDDDDDDDDDDDDDDDDDDDDDDDDD
DDDDDDDDDDDDDDDDDDDDDDDDDDDDDDDDDDDDDDDDDDDDDDDDDD
DDDDDDDDDDDDDDDDDDDDDDDDDDDDDDDDDDDDDDDDDDDDDDDDDD
DDDDDDDDDDDDDDDDDDDDDDDDDDDDDDDDDDDDDDDDDDDDDDDDDD
DDDDDDDDDDDDDDDDDDDDDDDDDDDDDDDDDDDDDDDDDDDDDDDDDD
DDDDDDDDDDDDDDDDDDDDDDDDDDDDDDDDDDDDDDDDDDDDDDDDDD
DDDDDDDDDDDDDDDDDDDDDDDDDDDDDDDDDDDDDDDDDDDDDDDDDD
DDDDDDDDDDDDDDDDDDDDDDDDDDDDDDDDDDDDDDDDDDDDDDDDDD
DDDDDDDDDDDDDDDDDDDDDDDDDDDDDDDDDDDDDDDDDDDDDDDDDD
DDDDDDDDDDDDDDDDDDDDDDDDDDDDDDDDDDDDDDDDDDDDDDDDDD
DDDDDDDDDDDDDDDDDDDDDDDDDDDDDDDDDDDDDDDDDDDDDDDDDD
DDDDDDDDDDDDDDDDDDDDDDDDDDDDDDDDDDDDDDDDDDDDDDDDDD
---
WWWWWWWWWWWWWWWWWWWWWWWWWWWWWWWWWWWWWWWWWWWWWWWWWW
WWWWWWWWWWWWWWWWWWWWWWW..WWWWWWWWWWWWWWWWWWWWWWWWW
WWWWWWWWWWWWWWWWWWWWW.....WWWWWWWWWWWWWWWWWWWWWWWW
WWWWWWWWWWWWWWWWWWW.......WWWWWWWWWWWWWWWWWWWWWWWW
WWWWWWWWWWWWWWWWW........WWWWWWWWWWWWWWWWWWWWWWWWW
WWWWWWWWWWWWWWWW.........WWWWWWWWWWWWWWWWWWWWWWWWW
WWWWWWWWWWWWWWWWW..BBB.....WWWWWWWWWWWWWWWWWWWWWWW
WWWWWWWWWWWWWWWW...........WWWWWWWWWWWWWWWWWWWWWWW
WWWWWWWWWWWWWWW..............WWWWWWWWWWWWWWWWWWWWW
WWWWWWWWWWWWWWWWW..BBB.......WWWWWWWWWWWWWWWWWWWWW
WWWWWWWWWWWWWWWW..............WWWWWWWWWWWWWWWWWWWW
WWWWWWWWWWWWWWWWW.............WWWWWWWWWWWWWWWWWWWW
WWWWWWWWWWWWWWWW...BB............WWWWWWWWWWWWWWWWW
WWWWWWWWWWWWWW................WWWWWWWWWWWWWWWWWWWW
WWWWWWWWWWWWWWWW................WWWWWWWWWWWWWWWWWW
WWWWWWWWWWWWWWW......BBBBBB...WWWWWWWWWWWWWWWWWWWW
WWWWWWWWWWWWWW.................WWWWWWWWWWWWWWWWWWW
WWWWWWWWWWWWW...........BBBBBB...WWWWWWWWWWWWWWWWW
WWWWWWWWWWW......................WWWWWWWWWWWWWWWWW
WWWWWWWWWWWWW....................WWWWWWWWWWWWWWWWW
WWWWWWWWWWW..SSSSSSSSSSS........WWWWWWWWWWWWWWWWWW
WWWWWWWWWW.......SSSSSSSSSS......WWWWWWWWWWWWWWWWW
WWWWWWWWWW......................WWWWWWWWWWWWWWWWWW
WWWWWWWWWWWW......................WWWWWWWWWWWWWWWW
WWWWWWWWWWWWW.......................WWWWWWWWWWWWWW
WWWWWWWWWWWWWWW......................WWWWWWWWWWWWW
WWWWWWWWWWWWWW.....................WWWWWWWWWWWWWWW
WWWWWWWWWWWW.......................WWWWWWWWWWWWWWW
WWWWWWWWWWW.........................WWWWWWWWWWWWWW
WWWWWWWWWWWWW.....................WWWWWWWWWWWWWWWW
WWWWWWWWWWWW....................WWWWWWWWWWWWWWWWWW
WWWWWWWWWW......................WWWWWWWWWWWWWWWWWW
WWWWWWWW........................WWWWWWWWWWWWWWWWWW
WWWWWWWW..........................WWWWWWWWWWWWWWWW
WWWWWWWWW...........................WWWWWWWWWWWWWW
WWWWWWWWW.........................WWWWWWWWWWWWWWWW
WWWWWWWW.........BBBBBBBBBB........WWWWWWWWWWWWWWW
WWWWWWWW............SSSSSSSSS.........WWWWWWWWWWWW
WWWWWWWW.........................WWWWWWWWWWWWWWWWW
WWWWWWW............................WWWWWWWWWWWWWWW
WWWWWW...........................WWWWWWWWWWWWWWWWW
WWWWW..........................WWWWWWWWWWWWWWWWWWW
WWWWWW..........................WWWWWWWWWWWWWWWWWW
WWWWWWWW......................WWWWWWWWWWWWWWWWWWWW
WWWWWWWWW....................WWWWWWWWWWWWWWWWWWWWW
WWWWWWW.......................WWWWWWWWWWWWWWWWWWWW
WWWWWWWW.....BBBBBBBBBBBB.......WWWWWWWWWWWWWWWWWW
WWWWWWWWW........................WWWWWWWWWWWWWWWWW
WWWWWWWW.......BBBBBBBBB........WWWWWWWWWWWWWWWWWW
WWWWWWWWSSS....BBBBBBB.........WWWWWWWWWWWWWWWWWWW
WWWWWWW..SSS..BBBBBBBBBBBBB.....WWWWWWWWWWWWWWWWWW
WWWWWWWW.....................WWWWWWWWWWWWWWWWWWWWW
WWWWWWWWWW.....................WWWWWWWWWWWWWWWWWWW
WWWWWWWWWWWW...................WWWWWWWWWWWWWWWWWWW
WWWWWWWWWW....................WWWWWWWWWWWWWWWWWWWW
WWWWWWWW........................WWWWWWWWWWWWWWWWWW
WWWWWWWW..........................WWWWWWWWWWWWWWWW
WWWWWWWW........BB.............WWWWWWWWWWWWWWWWWWW
WWWWWWWWW.......BB.............WWWWWWWWWWWWWWWWWWW
WWWWWWW........................WWWWWWWWWWWWWWWWWWW
WWWWW..........................WWWWWWWWWWWWWWWWWWW
WWWW.........................WWWWWWWWWWWWWWWWWWWWW
WWWWW......................WWWWWWWWWWWWWWWWWWWWWWW
WWW......................WWWWWWWWWWWWWWWWWWWWWWWWW
WW.........................WWWWWWWWWWWWWWWWWWWWWWW
WW.............SSSSBBBBBBB..WWWWWWWWWWWWWWWWWWWWWW
WW....BBBBBBBB.SSSS.........WWWWWWWWWWWWWWWWWWWWWW
WWW........................WWWWWWWWWWWWWWWWWWWWWWW
WW...........................WWWWWWWWWWWWWWWWWWWWW
WWW.......BBBBBBBBBBB.......WWWWWWWWWWWWWWWWWWWWWW
WWWW.....BBBBBBBBBBBBBBB...WWWWWWWWWWWWWWWWWWWWWWW
WWWWWW.......................WWWWWWWWWWWWWWWWWWWWW
WWWWWWWW.....................WWWWWWWWWWWWWWWWWWWWW
WWWWWWWWW......SS..........S..WWWWWWWWWWWWWWWWWWWW
WWWWWWWW........................WWWWWWWWWWWWWWWWWW
WWWWWW...........................WWWWWWWWWWWWWWWWW
WWWWWWWW......................S...WWWWWWWWWWWWWWWW
WWWWWWWW............................WWWWWWWWWWWWWW
WWWWWWW......SSSSSSSS...SSSS.....S....WWWWWWWWWWWW
WWWWW................BBBBBSSS.........WWWWWWWWWWWW
WWWWWW.......................B.......WWWWWWWWWWWWW
WWWWW........SS.............BBBB.......WWWWWWWWWWW
WWWW..............BBBBBB...BBBBBB......WWWWWWWWWWW
WWW........................BBBBBB.....WWWWWWWWWWWW
WW...BBBB....BBBBBBB....................WWWWWWWWWW
WWWW......BBBBBBBBBB....................WWWWWWWWWW
WWWWWW....................................WWWWWWWW
WWWWWWWW................................WWWWWWWWWW
WWWWWWW....................BBBB........WWWWWWWWWWW
WWWWW....................BBBBBB........WWWWWWWWWWW
WWWWW....................................WWWWWWWWW
WWWWWWW................................WWWWWWWWWWW
WWWWWW...............................WWWWWWWWWWWWW
WWWW................................WWWWWWWWWWWWWW
WWW..................................WWWWWWWWWWWWW
WWW................................WWWWWWWWWWWWWWW
WWWWW...............................WWWWWWWWWWWWWW
WWWWWWW............................WWWWWWWWWWWWWWW
WWWWW...............................WWWWWWWWWWWWWW
WWWWW.............................WWWWWWWWWWWWWWWW