DDDDQQQQQQQQQQQQQQQQQQQQQQQQQQ
DDDDDDQQQQQQQQQQQQQQQQQQQQQQQQ
DDDDDDDQQQQQQQQQQQQQQQQQQQQQQQ
DDDDDDDDDQQQQQQQQQQQQQQQQQQQQQ
DDDDDDDDDDQQQQQQQQQQQQQQQQQQQQ
DDDDDDDDDDDQQQQQQQQQQQQQQQQQQQ
DDDDDDDDDDDDDQQQQQQQQQQQQQQWWW
DDDDDDDDDDDDDDQQQQQQQQQQQWWWWW
DDDDDDDDDDDDDDDQQQQQQQQQWWWWWW
DDDBBBDDDDDDDDDDQQQQQQQWWWWWWW
DDDDDDDDDDDDDDDDQQQQQQWWWWWWWW
DDDDDDDDDDDDDDDDQQQQQQWWWWWWWW
DDDDDDDDDDDDDDDDQQQQQQWWWWWWWW
DDDDDSSSSDDDDDDDQQQQQWWWWWWWWW
DDDDDDDDSDDDDDDDQQQQQWWWWWWWWW
DDDDDDDDSDDDDDDDQQQQWWWWWWWWWW
DDDDDDDDSDDDDDDQQQQQWWWWWWWWWW
DDDDDDDDDDDDDDDQQQQWWWWWWWWWWW
DDDDDDDDDDDDDDQQQQQWWWWWWWWWWW
DDDDDDDDDDDDDQQQQQWWWWWWWWWWWW
DDDDDDDDDDDDQQQQQQWWWWWWWWWWWW
DDDDDDDDDDDQQQQQQWWWWWWWWWWWWW
DDDDDDDDDDQQQQQQWWWWWWWWWWWWWW
DDDDDDDDDQQQQQQQWWWWWWWWWWWWWW
DDDDDDDQQQQQQQQWWWWWWWWWWWWWWW
DDDDDDQQQQQQQQWWWWWWWWWWWWWWWW
DDDDDQQQQQQQQWWWWWWWWWWWWWWWWW
DDDDQQQQQQQQQWWWWWWWWWWWWWWWWW
DDDQQQQQQQQQWWWWWWWWWWWWWWWWWW
DQQQQQQQQQQWWWWWWWWWWWWWWWWWWW
---
..............................
..............................
..............................
..............................
..............................
..............................
..............................
..............................
..............................
..............................
..............................
..............................
..............................
..............................
..............................
..............................
..............................
..............................
..............................
..............................
..............................
..............................
..............................
..............................
..............................
..............................
..............................
..............................
..............................
..............................